CRITICAL - 2026-04-07 11:53:17 --> ErrorException: Declaration of App\Cells\ArtikelTerkini::render(): string must be compatible with CodeIgniter\View\Cell::render(string $library, $params = null, int $ttl = 0, ?string $cacheName = null): string
[Method: GET, Route: /]
in APPPATH\Cells\ArtikelTerkini.php on line 10.
 1 [internal function]: CodeIgniter\Debug\Exceptions->shutdownHandler()
CRITICAL - 2026-04-07 11:55:09 --> ErrorException: Declaration of App\Cells\ArtikelTerkini::render(): string must be compatible with CodeIgniter\View\Cell::render(string $library, $params = null, int $ttl = 0, ?string $cacheName = null): string
[Method: GET, Route: artikel]
in APPPATH\Cells\ArtikelTerkini.php on line 10.
 1 [internal function]: CodeIgniter\Debug\Exceptions->shutdownHandler()
CRITICAL - 2026-04-07 11:55:10 --> ErrorException: Declaration of App\Cells\ArtikelTerkini::render(): string must be compatible with CodeIgniter\View\Cell::render(string $library, $params = null, int $ttl = 0, ?string $cacheName = null): string
[Method: GET, Route: about]
in APPPATH\Cells\ArtikelTerkini.php on line 10.
 1 [internal function]: CodeIgniter\Debug\Exceptions->shutdownHandler()
CRITICAL - 2026-04-07 11:55:11 --> ErrorException: Declaration of App\Cells\ArtikelTerkini::render(): string must be compatible with CodeIgniter\View\Cell::render(string $library, $params = null, int $ttl = 0, ?string $cacheName = null): string
[Method: GET, Route: contact]
in APPPATH\Cells\ArtikelTerkini.php on line 10.
 1 [internal function]: CodeIgniter\Debug\Exceptions->shutdownHandler()
CRITICAL - 2026-04-07 11:55:12 --> ErrorException: Declaration of App\Cells\ArtikelTerkini::render(): string must be compatible with CodeIgniter\View\Cell::render(string $library, $params = null, int $ttl = 0, ?string $cacheName = null): string
[Method: GET, Route: /]
in APPPATH\Cells\ArtikelTerkini.php on line 10.
 1 [internal function]: CodeIgniter\Debug\Exceptions->shutdownHandler()
