ERROR - 2026-03-13 02:45:46 --> Error connecting to the database: mysqli_sql_exception: No connection could be made because the target machine actively refused it in D:\XAMPP\htdocs\lab11_ci\Lab7Web-2\system\Database\MySQLi\Connection.php:201
Stack trace:
#0 D:\XAMPP\htdocs\lab11_ci\Lab7Web-2\system\Database\MySQLi\Connection.php(201): mysqli->real_connect('localhost', '', Object(SensitiveParameterValue), '', 3306, '', 0)
#1 D:\XAMPP\htdocs\lab11_ci\Lab7Web-2\system\Database\BaseConnection.php(419): CodeIgniter\Database\MySQLi\Connection->connect(false)
#2 D:\XAMPP\htdocs\lab11_ci\Lab7Web-2\system\Database\BaseConnection.php(654): CodeIgniter\Database\BaseConnection->initialize()
#3 D:\XAMPP\htdocs\lab11_ci\Lab7Web-2\system\Database\BaseBuilder.php(1649): CodeIgniter\Database\BaseConnection->query('SELECT *\nFROM `...', Array, false)
#4 D:\XAMPP\htdocs\lab11_ci\Lab7Web-2\system\Model.php(254): CodeIgniter\Database\BaseBuilder->get()
#5 D:\XAMPP\htdocs\lab11_ci\Lab7Web-2\system\BaseModel.php(675): CodeIgniter\Model->doFindAll(0, 0)
#6 D:\XAMPP\htdocs\lab11_ci\Lab7Web-2\app\Controllers\Artikel.php(11): CodeIgniter\BaseModel->findAll()
#7 D:\XAMPP\htdocs\lab11_ci\Lab7Web-2\system\CodeIgniter.php(951): App\Controllers\Artikel->index()
#8 D:\XAMPP\htdocs\lab11_ci\Lab7Web-2\system\CodeIgniter.php(497): CodeIgniter\CodeIgniter->runController(Object(App\Controllers\Artikel))
#9 D:\XAMPP\htdocs\lab11_ci\Lab7Web-2\system\CodeIgniter.php(340): CodeIgniter\CodeIgniter->handleRequest(NULL, Object(Config\Cache), false)
#10 D:\XAMPP\htdocs\lab11_ci\Lab7Web-2\system\Boot.php(417): CodeIgniter\CodeIgniter->run()
#11 D:\XAMPP\htdocs\lab11_ci\Lab7Web-2\system\Boot.php(68): CodeIgniter\Boot::runCodeIgniter(Object(CodeIgniter\CodeIgniter))
#12 D:\XAMPP\htdocs\lab11_ci\Lab7Web-2\public\index.php(59): CodeIgniter\Boot::bootWeb(Object(Config\Paths))
#13 D:\XAMPP\htdocs\lab11_ci\Lab7Web-2\system\rewrite.php(44): require_once('D:\\XAMPP\\htdocs...')
#14 {main}

Next CodeIgniter\Database\Exceptions\DatabaseException: No connection could be made because the target machine actively refused it in D:\XAMPP\htdocs\lab11_ci\Lab7Web-2\system\Database\MySQLi\Connection.php:231
Stack trace:
#0 D:\XAMPP\htdocs\lab11_ci\Lab7Web-2\system\Database\BaseConnection.php(419): CodeIgniter\Database\MySQLi\Connection->connect(false)
#1 D:\XAMPP\htdocs\lab11_ci\Lab7Web-2\system\Database\BaseConnection.php(654): CodeIgniter\Database\BaseConnection->initialize()
#2 D:\XAMPP\htdocs\lab11_ci\Lab7Web-2\system\Database\BaseBuilder.php(1649): CodeIgniter\Database\BaseConnection->query('SELECT *\nFROM `...', Array, false)
#3 D:\XAMPP\htdocs\lab11_ci\Lab7Web-2\system\Model.php(254): CodeIgniter\Database\BaseBuilder->get()
#4 D:\XAMPP\htdocs\lab11_ci\Lab7Web-2\system\BaseModel.php(675): CodeIgniter\Model->doFindAll(0, 0)
#5 D:\XAMPP\htdocs\lab11_ci\Lab7Web-2\app\Controllers\Artikel.php(11): CodeIgniter\BaseModel->findAll()
#6 D:\XAMPP\htdocs\lab11_ci\Lab7Web-2\system\CodeIgniter.php(951): App\Controllers\Artikel->index()
#7 D:\XAMPP\htdocs\lab11_ci\Lab7Web-2\system\CodeIgniter.php(497): CodeIgniter\CodeIgniter->runController(Object(App\Controllers\Artikel))
#8 D:\XAMPP\htdocs\lab11_ci\Lab7Web-2\system\CodeIgniter.php(340): CodeIgniter\CodeIgniter->handleRequest(NULL, Object(Config\Cache), false)
#9 D:\XAMPP\htdocs\lab11_ci\Lab7Web-2\system\Boot.php(417): CodeIgniter\CodeIgniter->run()
#10 D:\XAMPP\htdocs\lab11_ci\Lab7Web-2\system\Boot.php(68): CodeIgniter\Boot::runCodeIgniter(Object(CodeIgniter\CodeIgniter))
#11 D:\XAMPP\htdocs\lab11_ci\Lab7Web-2\public\index.php(59): CodeIgniter\Boot::bootWeb(Object(Config\Paths))
#12 D:\XAMPP\htdocs\lab11_ci\Lab7Web-2\system\rewrite.php(44): require_once('D:\\XAMPP\\htdocs...')
#13 {main}
CRITICAL - 2026-03-13 02:45:46 --> CodeIgniter\Database\Exceptions\DatabaseException: Unable to connect to the database.
Main connection [MySQLi]: No connection could be made because the target machine actively refused it
[Method: GET, Route: artikel]
in SYSTEMPATH\Database\BaseConnection.php on line 465.
 1 SYSTEMPATH\Database\BaseConnection.php(654): CodeIgniter\Database\BaseConnection->initialize()
 2 SYSTEMPATH\Database\BaseBuilder.php(1649): CodeIgniter\Database\BaseConnection->query('SELECT *
FROM `artikel`', [], false)
 3 SYSTEMPATH\Model.php(254): CodeIgniter\Database\BaseBuilder->get()
 4 SYSTEMPATH\BaseModel.php(675): CodeIgniter\Model->doFindAll(0, 0)
 5 APPPATH\Controllers\Artikel.php(11): CodeIgniter\BaseModel->findAll()
 6 SYSTEMPATH\CodeIgniter.php(951): App\Controllers\Artikel->index()
 7 SYSTEMPATH\CodeIgniter.php(497): CodeIgniter\CodeIgniter->runController(Object(App\Controllers\Artikel))
 8 SYSTEMPATH\CodeIgniter.php(340): CodeIgniter\CodeIgniter->handleRequest(null, Object(Config\Cache), false)
 9 SYSTEMPATH\Boot.php(417): CodeIgniter\CodeIgniter->run()
10 SYSTEMPATH\Boot.php(68): CodeIgniter\Boot::runCodeIgniter(Object(CodeIgniter\CodeIgniter))
11 FCPATH\index.php(59): CodeIgniter\Boot::bootWeb(Object(Config\Paths))
12 SYSTEMPATH\rewrite.php(44): require_once('D:\\XAMPP\\htdocs\\lab11_ci\\Lab7Web-2\\public\\index.php')
ERROR - 2026-03-13 02:50:29 --> Error connecting to the database: mysqli_sql_exception: No connection could be made because the target machine actively refused it in D:\XAMPP\htdocs\lab11_ci\Lab7Web-2\system\Database\MySQLi\Connection.php:201
Stack trace:
#0 D:\XAMPP\htdocs\lab11_ci\Lab7Web-2\system\Database\MySQLi\Connection.php(201): mysqli->real_connect('localhost', '', Object(SensitiveParameterValue), '', 3306, '', 0)
#1 D:\XAMPP\htdocs\lab11_ci\Lab7Web-2\system\Database\BaseConnection.php(419): CodeIgniter\Database\MySQLi\Connection->connect(false)
#2 D:\XAMPP\htdocs\lab11_ci\Lab7Web-2\system\Database\BaseConnection.php(654): CodeIgniter\Database\BaseConnection->initialize()
#3 D:\XAMPP\htdocs\lab11_ci\Lab7Web-2\system\Database\BaseBuilder.php(1649): CodeIgniter\Database\BaseConnection->query('SELECT *\nFROM `...', Array, false)
#4 D:\XAMPP\htdocs\lab11_ci\Lab7Web-2\system\Model.php(254): CodeIgniter\Database\BaseBuilder->get()
#5 D:\XAMPP\htdocs\lab11_ci\Lab7Web-2\system\BaseModel.php(675): CodeIgniter\Model->doFindAll(0, 0)
#6 D:\XAMPP\htdocs\lab11_ci\Lab7Web-2\app\Controllers\Artikel.php(11): CodeIgniter\BaseModel->findAll()
#7 D:\XAMPP\htdocs\lab11_ci\Lab7Web-2\system\CodeIgniter.php(951): App\Controllers\Artikel->index()
#8 D:\XAMPP\htdocs\lab11_ci\Lab7Web-2\system\CodeIgniter.php(497): CodeIgniter\CodeIgniter->runController(Object(App\Controllers\Artikel))
#9 D:\XAMPP\htdocs\lab11_ci\Lab7Web-2\system\CodeIgniter.php(340): CodeIgniter\CodeIgniter->handleRequest(NULL, Object(Config\Cache), false)
#10 D:\XAMPP\htdocs\lab11_ci\Lab7Web-2\system\Boot.php(417): CodeIgniter\CodeIgniter->run()
#11 D:\XAMPP\htdocs\lab11_ci\Lab7Web-2\system\Boot.php(68): CodeIgniter\Boot::runCodeIgniter(Object(CodeIgniter\CodeIgniter))
#12 D:\XAMPP\htdocs\lab11_ci\Lab7Web-2\public\index.php(59): CodeIgniter\Boot::bootWeb(Object(Config\Paths))
#13 D:\XAMPP\htdocs\lab11_ci\Lab7Web-2\system\rewrite.php(44): require_once('D:\\XAMPP\\htdocs...')
#14 {main}

Next CodeIgniter\Database\Exceptions\DatabaseException: No connection could be made because the target machine actively refused it in D:\XAMPP\htdocs\lab11_ci\Lab7Web-2\system\Database\MySQLi\Connection.php:231
Stack trace:
#0 D:\XAMPP\htdocs\lab11_ci\Lab7Web-2\system\Database\BaseConnection.php(419): CodeIgniter\Database\MySQLi\Connection->connect(false)
#1 D:\XAMPP\htdocs\lab11_ci\Lab7Web-2\system\Database\BaseConnection.php(654): CodeIgniter\Database\BaseConnection->initialize()
#2 D:\XAMPP\htdocs\lab11_ci\Lab7Web-2\system\Database\BaseBuilder.php(1649): CodeIgniter\Database\BaseConnection->query('SELECT *\nFROM `...', Array, false)
#3 D:\XAMPP\htdocs\lab11_ci\Lab7Web-2\system\Model.php(254): CodeIgniter\Database\BaseBuilder->get()
#4 D:\XAMPP\htdocs\lab11_ci\Lab7Web-2\system\BaseModel.php(675): CodeIgniter\Model->doFindAll(0, 0)
#5 D:\XAMPP\htdocs\lab11_ci\Lab7Web-2\app\Controllers\Artikel.php(11): CodeIgniter\BaseModel->findAll()
#6 D:\XAMPP\htdocs\lab11_ci\Lab7Web-2\system\CodeIgniter.php(951): App\Controllers\Artikel->index()
#7 D:\XAMPP\htdocs\lab11_ci\Lab7Web-2\system\CodeIgniter.php(497): CodeIgniter\CodeIgniter->runController(Object(App\Controllers\Artikel))
#8 D:\XAMPP\htdocs\lab11_ci\Lab7Web-2\system\CodeIgniter.php(340): CodeIgniter\CodeIgniter->handleRequest(NULL, Object(Config\Cache), false)
#9 D:\XAMPP\htdocs\lab11_ci\Lab7Web-2\system\Boot.php(417): CodeIgniter\CodeIgniter->run()
#10 D:\XAMPP\htdocs\lab11_ci\Lab7Web-2\system\Boot.php(68): CodeIgniter\Boot::runCodeIgniter(Object(CodeIgniter\CodeIgniter))
#11 D:\XAMPP\htdocs\lab11_ci\Lab7Web-2\public\index.php(59): CodeIgniter\Boot::bootWeb(Object(Config\Paths))
#12 D:\XAMPP\htdocs\lab11_ci\Lab7Web-2\system\rewrite.php(44): require_once('D:\\XAMPP\\htdocs...')
#13 {main}
CRITICAL - 2026-03-13 02:50:29 --> CodeIgniter\Database\Exceptions\DatabaseException: Unable to connect to the database.
Main connection [MySQLi]: No connection could be made because the target machine actively refused it
[Method: GET, Route: artikel]
in SYSTEMPATH\Database\BaseConnection.php on line 465.
 1 SYSTEMPATH\Database\BaseConnection.php(654): CodeIgniter\Database\BaseConnection->initialize()
 2 SYSTEMPATH\Database\BaseBuilder.php(1649): CodeIgniter\Database\BaseConnection->query('SELECT *
FROM `artikel`', [], false)
 3 SYSTEMPATH\Model.php(254): CodeIgniter\Database\BaseBuilder->get()
 4 SYSTEMPATH\BaseModel.php(675): CodeIgniter\Model->doFindAll(0, 0)
 5 APPPATH\Controllers\Artikel.php(11): CodeIgniter\BaseModel->findAll()
 6 SYSTEMPATH\CodeIgniter.php(951): App\Controllers\Artikel->index()
 7 SYSTEMPATH\CodeIgniter.php(497): CodeIgniter\CodeIgniter->runController(Object(App\Controllers\Artikel))
 8 SYSTEMPATH\CodeIgniter.php(340): CodeIgniter\CodeIgniter->handleRequest(null, Object(Config\Cache), false)
 9 SYSTEMPATH\Boot.php(417): CodeIgniter\CodeIgniter->run()
10 SYSTEMPATH\Boot.php(68): CodeIgniter\Boot::runCodeIgniter(Object(CodeIgniter\CodeIgniter))
11 FCPATH\index.php(59): CodeIgniter\Boot::bootWeb(Object(Config\Paths))
12 SYSTEMPATH\rewrite.php(44): require_once('D:\\XAMPP\\htdocs\\lab11_ci\\Lab7Web-2\\public\\index.php')
ERROR - 2026-03-13 02:52:14 --> Error connecting to the database: mysqli_sql_exception: No connection could be made because the target machine actively refused it in D:\XAMPP\htdocs\lab11_ci\Lab7Web-2\system\Database\MySQLi\Connection.php:201
Stack trace:
#0 D:\XAMPP\htdocs\lab11_ci\Lab7Web-2\system\Database\MySQLi\Connection.php(201): mysqli->real_connect('localhost', 'root', Object(SensitiveParameterValue), 'lab_ci4', 3306, '', 0)
#1 D:\XAMPP\htdocs\lab11_ci\Lab7Web-2\system\Database\BaseConnection.php(419): CodeIgniter\Database\MySQLi\Connection->connect(false)
#2 D:\XAMPP\htdocs\lab11_ci\Lab7Web-2\system\Database\BaseConnection.php(654): CodeIgniter\Database\BaseConnection->initialize()
#3 D:\XAMPP\htdocs\lab11_ci\Lab7Web-2\system\Database\BaseBuilder.php(1649): CodeIgniter\Database\BaseConnection->query('SELECT *\nFROM `...', Array, false)
#4 D:\XAMPP\htdocs\lab11_ci\Lab7Web-2\system\Model.php(254): CodeIgniter\Database\BaseBuilder->get()
#5 D:\XAMPP\htdocs\lab11_ci\Lab7Web-2\system\BaseModel.php(675): CodeIgniter\Model->doFindAll(0, 0)
#6 D:\XAMPP\htdocs\lab11_ci\Lab7Web-2\app\Controllers\Artikel.php(11): CodeIgniter\BaseModel->findAll()
#7 D:\XAMPP\htdocs\lab11_ci\Lab7Web-2\system\CodeIgniter.php(951): App\Controllers\Artikel->index()
#8 D:\XAMPP\htdocs\lab11_ci\Lab7Web-2\system\CodeIgniter.php(497): CodeIgniter\CodeIgniter->runController(Object(App\Controllers\Artikel))
#9 D:\XAMPP\htdocs\lab11_ci\Lab7Web-2\system\CodeIgniter.php(340): CodeIgniter\CodeIgniter->handleRequest(NULL, Object(Config\Cache), false)
#10 D:\XAMPP\htdocs\lab11_ci\Lab7Web-2\system\Boot.php(417): CodeIgniter\CodeIgniter->run()
#11 D:\XAMPP\htdocs\lab11_ci\Lab7Web-2\system\Boot.php(68): CodeIgniter\Boot::runCodeIgniter(Object(CodeIgniter\CodeIgniter))
#12 D:\XAMPP\htdocs\lab11_ci\Lab7Web-2\public\index.php(59): CodeIgniter\Boot::bootWeb(Object(Config\Paths))
#13 D:\XAMPP\htdocs\lab11_ci\Lab7Web-2\system\rewrite.php(44): require_once('D:\\XAMPP\\htdocs...')
#14 {main}

Next CodeIgniter\Database\Exceptions\DatabaseException: No connection could be made because the target machine actively refused it in D:\XAMPP\htdocs\lab11_ci\Lab7Web-2\system\Database\MySQLi\Connection.php:231
Stack trace:
#0 D:\XAMPP\htdocs\lab11_ci\Lab7Web-2\system\Database\BaseConnection.php(419): CodeIgniter\Database\MySQLi\Connection->connect(false)
#1 D:\XAMPP\htdocs\lab11_ci\Lab7Web-2\system\Database\BaseConnection.php(654): CodeIgniter\Database\BaseConnection->initialize()
#2 D:\XAMPP\htdocs\lab11_ci\Lab7Web-2\system\Database\BaseBuilder.php(1649): CodeIgniter\Database\BaseConnection->query('SELECT *\nFROM `...', Array, false)
#3 D:\XAMPP\htdocs\lab11_ci\Lab7Web-2\system\Model.php(254): CodeIgniter\Database\BaseBuilder->get()
#4 D:\XAMPP\htdocs\lab11_ci\Lab7Web-2\system\BaseModel.php(675): CodeIgniter\Model->doFindAll(0, 0)
#5 D:\XAMPP\htdocs\lab11_ci\Lab7Web-2\app\Controllers\Artikel.php(11): CodeIgniter\BaseModel->findAll()
#6 D:\XAMPP\htdocs\lab11_ci\Lab7Web-2\system\CodeIgniter.php(951): App\Controllers\Artikel->index()
#7 D:\XAMPP\htdocs\lab11_ci\Lab7Web-2\system\CodeIgniter.php(497): CodeIgniter\CodeIgniter->runController(Object(App\Controllers\Artikel))
#8 D:\XAMPP\htdocs\lab11_ci\Lab7Web-2\system\CodeIgniter.php(340): CodeIgniter\CodeIgniter->handleRequest(NULL, Object(Config\Cache), false)
#9 D:\XAMPP\htdocs\lab11_ci\Lab7Web-2\system\Boot.php(417): CodeIgniter\CodeIgniter->run()
#10 D:\XAMPP\htdocs\lab11_ci\Lab7Web-2\system\Boot.php(68): CodeIgniter\Boot::runCodeIgniter(Object(CodeIgniter\CodeIgniter))
#11 D:\XAMPP\htdocs\lab11_ci\Lab7Web-2\public\index.php(59): CodeIgniter\Boot::bootWeb(Object(Config\Paths))
#12 D:\XAMPP\htdocs\lab11_ci\Lab7Web-2\system\rewrite.php(44): require_once('D:\\XAMPP\\htdocs...')
#13 {main}
CRITICAL - 2026-03-13 02:52:14 --> CodeIgniter\Database\Exceptions\DatabaseException: Unable to connect to the database.
Main connection [MySQLi]: No connection could be made because the target machine actively refused it
[Method: GET, Route: artikel]
in SYSTEMPATH\Database\BaseConnection.php on line 465.
 1 SYSTEMPATH\Database\BaseConnection.php(654): CodeIgniter\Database\BaseConnection->initialize()
 2 SYSTEMPATH\Database\BaseBuilder.php(1649): CodeIgniter\Database\BaseConnection->query('SELECT *
FROM `artikel`', [], false)
 3 SYSTEMPATH\Model.php(254): CodeIgniter\Database\BaseBuilder->get()
 4 SYSTEMPATH\BaseModel.php(675): CodeIgniter\Model->doFindAll(0, 0)
 5 APPPATH\Controllers\Artikel.php(11): CodeIgniter\BaseModel->findAll()
 6 SYSTEMPATH\CodeIgniter.php(951): App\Controllers\Artikel->index()
 7 SYSTEMPATH\CodeIgniter.php(497): CodeIgniter\CodeIgniter->runController(Object(App\Controllers\Artikel))
 8 SYSTEMPATH\CodeIgniter.php(340): CodeIgniter\CodeIgniter->handleRequest(null, Object(Config\Cache), false)
 9 SYSTEMPATH\Boot.php(417): CodeIgniter\CodeIgniter->run()
10 SYSTEMPATH\Boot.php(68): CodeIgniter\Boot::runCodeIgniter(Object(CodeIgniter\CodeIgniter))
11 FCPATH\index.php(59): CodeIgniter\Boot::bootWeb(Object(Config\Paths))
12 SYSTEMPATH\rewrite.php(44): require_once('D:\\XAMPP\\htdocs\\lab11_ci\\Lab7Web-2\\public\\index.php')
CRITICAL - 2026-03-13 02:57:50 --> ParseError: syntax error, unexpected token "<", expecting ";" or "{"
[Method: GET, Route: artikel]
in APPPATH\Controllers\Artikel.php on line 8.
 1 SYSTEMPATH\Autoloader\Autoloader.php(295): CodeIgniter\Autoloader\Autoloader->includeFile('D:\\XAMPP\\htdocs\\lab11_ci\\Lab7Web-2\\app\\Controllers\\Artikel.php')
 2 SYSTEMPATH\Autoloader\Autoloader.php(271): CodeIgniter\Autoloader\Autoloader->loadInNamespace('App\\Controllers\\Artikel')
 3 [internal function]: CodeIgniter\Autoloader\Autoloader->loadClass('App\\Controllers\\Artikel')
 4 SYSTEMPATH\Router\Router.php(792): class_exists('\\App\\Controllers\\Artikel')
 5 SYSTEMPATH\Router\Router.php(230): CodeIgniter\Router\Router->processRouteAttributes()
 6 SYSTEMPATH\CodeIgniter.php(829): CodeIgniter\Router\Router->handle('artikel')
 7 SYSTEMPATH\CodeIgniter.php(441): CodeIgniter\CodeIgniter->tryToRouteIt(Object(CodeIgniter\Router\RouteCollection))
 8 SYSTEMPATH\CodeIgniter.php(340): CodeIgniter\CodeIgniter->handleRequest(null, Object(Config\Cache), false)
 9 SYSTEMPATH\Boot.php(417): CodeIgniter\CodeIgniter->run()
10 SYSTEMPATH\Boot.php(68): CodeIgniter\Boot::runCodeIgniter(Object(CodeIgniter\CodeIgniter))
11 FCPATH\index.php(59): CodeIgniter\Boot::bootWeb(Object(Config\Paths))
12 SYSTEMPATH\rewrite.php(44): require_once('D:\\XAMPP\\htdocs\\lab11_ci\\Lab7Web-2\\public\\index.php')
CRITICAL - 2026-03-13 02:58:11 --> ParseError: syntax error, unexpected token "<", expecting ";" or "{"
[Method: GET, Route: artikel]
in APPPATH\Controllers\Artikel.php on line 8.
 1 SYSTEMPATH\Autoloader\Autoloader.php(295): CodeIgniter\Autoloader\Autoloader->includeFile('D:\\XAMPP\\htdocs\\lab11_ci\\Lab7Web-2\\app\\Controllers\\Artikel.php')
 2 SYSTEMPATH\Autoloader\Autoloader.php(271): CodeIgniter\Autoloader\Autoloader->loadInNamespace('App\\Controllers\\Artikel')
 3 [internal function]: CodeIgniter\Autoloader\Autoloader->loadClass('App\\Controllers\\Artikel')
 4 SYSTEMPATH\Router\Router.php(792): class_exists('\\App\\Controllers\\Artikel')
 5 SYSTEMPATH\Router\Router.php(230): CodeIgniter\Router\Router->processRouteAttributes()
 6 SYSTEMPATH\CodeIgniter.php(829): CodeIgniter\Router\Router->handle('artikel')
 7 SYSTEMPATH\CodeIgniter.php(441): CodeIgniter\CodeIgniter->tryToRouteIt(Object(CodeIgniter\Router\RouteCollection))
 8 SYSTEMPATH\CodeIgniter.php(340): CodeIgniter\CodeIgniter->handleRequest(null, Object(Config\Cache), false)
 9 SYSTEMPATH\Boot.php(417): CodeIgniter\CodeIgniter->run()
10 SYSTEMPATH\Boot.php(68): CodeIgniter\Boot::runCodeIgniter(Object(CodeIgniter\CodeIgniter))
11 FCPATH\index.php(59): CodeIgniter\Boot::bootWeb(Object(Config\Paths))
12 SYSTEMPATH\rewrite.php(44): require_once('D:\\XAMPP\\htdocs\\lab11_ci\\Lab7Web-2\\public\\index.php')
CRITICAL - 2026-03-13 02:58:15 --> ParseError: syntax error, unexpected token "<", expecting ";" or "{"
[Method: GET, Route: artikel]
in APPPATH\Controllers\Artikel.php on line 8.
 1 SYSTEMPATH\Autoloader\Autoloader.php(295): CodeIgniter\Autoloader\Autoloader->includeFile('D:\\XAMPP\\htdocs\\lab11_ci\\Lab7Web-2\\app\\Controllers\\Artikel.php')
 2 SYSTEMPATH\Autoloader\Autoloader.php(271): CodeIgniter\Autoloader\Autoloader->loadInNamespace('App\\Controllers\\Artikel')
 3 [internal function]: CodeIgniter\Autoloader\Autoloader->loadClass('App\\Controllers\\Artikel')
 4 SYSTEMPATH\Router\Router.php(792): class_exists('\\App\\Controllers\\Artikel')
 5 SYSTEMPATH\Router\Router.php(230): CodeIgniter\Router\Router->processRouteAttributes()
 6 SYSTEMPATH\CodeIgniter.php(829): CodeIgniter\Router\Router->handle('artikel')
 7 SYSTEMPATH\CodeIgniter.php(441): CodeIgniter\CodeIgniter->tryToRouteIt(Object(CodeIgniter\Router\RouteCollection))
 8 SYSTEMPATH\CodeIgniter.php(340): CodeIgniter\CodeIgniter->handleRequest(null, Object(Config\Cache), false)
 9 SYSTEMPATH\Boot.php(417): CodeIgniter\CodeIgniter->run()
10 SYSTEMPATH\Boot.php(68): CodeIgniter\Boot::runCodeIgniter(Object(CodeIgniter\CodeIgniter))
11 FCPATH\index.php(59): CodeIgniter\Boot::bootWeb(Object(Config\Paths))
12 SYSTEMPATH\rewrite.php(44): require_once('D:\\XAMPP\\htdocs\\lab11_ci\\Lab7Web-2\\public\\index.php')
